// Jest Snapshot v1, https://jestjs.io/docs/snapshot-testing

exports[`TableToolbarSearch renders as expected - Component API should render 1`] = `
<div>
  <div
    aria-label="Filter table"
    class="cds--search cds--search--lg custom-class cds--toolbar-search-container-expandable"
    role="search"
  >
    <div
      class="cds--search-magnifier"
      tabindex="-1"
    >
      <svg
        aria-hidden="true"
        class="cds--search-magnifier-icon"
        fill="currentColor"
        focusable="false"
        height="16"
        preserveAspectRatio="xMidYMid meet"
        viewBox="0 0 16 16"
        width="16"
        xmlns="http://www.w3.org/2000/svg"
      >
        <path
          d="M15 14.3 10.7 10c1.9-2.3 1.6-5.8-.7-7.7S4.2.7 2.3 3 .7 8.8 3 10.7c2 1.7 5 1.7 7 0l4.3 4.3zM2 6.5C2 4 4 2 6.5 2S11 4 11 6.5 9 11 6.5 11 2 9 2 6.5"
        />
        <path
          d="M0 0h16v16H0z"
          fill="none"
        />
      </svg>
    </div>
    <label
      class="cds--label"
      for="custom-id"
      id="custom-id-search"
    >
      Filter table
    </label>
    <input
      autocomplete="off"
      class="cds--search-input"
      id="custom-id"
      placeholder="Filter table"
      tabindex="0"
      type="search"
      value=""
    />
    <button
      aria-label="Clear search input"
      class="cds--search-close cds--search-close--hidden"
      title="Clear search input"
      type="button"
    >
      <svg
        aria-hidden="true"
        fill="currentColor"
        focusable="false"
        height="16"
        preserveAspectRatio="xMidYMid meet"
        viewBox="0 0 32 32"
        width="16"
        xmlns="http://www.w3.org/2000/svg"
      >
        <path
          d="M17.414 16 24 9.414 22.586 8 16 14.586 9.414 8 8 9.414 14.586 16 8 22.586 9.414 24 16 17.414 22.586 24 24 22.586z"
        />
        <path
          d="M0 0h32v32H0z"
          fill="none"
        />
      </svg>
    </button>
  </div>
</div>
`;
