// Jest Snapshot v1, https://jestjs.io/docs/snapshot-testing

exports[`TableToolbarMenu renders as expected - Component API should render 1`] = `
<div>
  <span
    class="cds--overflow-menu__wrapper"
  >
    <span
      class="cds--popover-container cds--popover--caret cds--popover--high-contrast cds--popover--top cds--tooltip cds--icon-tooltip"
    >
      <div
        class="cds--tooltip-trigger__wrapper"
      >
        <button
          aria-expanded="false"
          aria-haspopup="true"
          aria-labelledby="tooltip-«r1»"
          class="custom-class cds--toolbar-action cds--overflow-menu cds--overflow-menu cds--overflow-menu--md cds--btn cds--btn--md cds--layout--size-md cds--btn--ghost cds--btn--icon-only"
          title="Add"
          type="button"
        >
          <svg
            aria-label="Add"
            class="cds--overflow-menu__icon"
            fill="currentColor"
            focusable="false"
            height="16"
            preserveAspectRatio="xMidYMid meet"
            role="img"
            viewBox="0 0 16 16"
            width="16"
            xmlns="http://www.w3.org/2000/svg"
          >
            <path
              d="m13 7-.7-.7-3.8 3.8V1h-1v9.1L3.7 6.3 3 7l5 5zm0 5v2H3v-2H2v2c0 .6.4 1 1 1h10c.6 0 1-.4 1-1v-2z"
            />
            <path
              d="M0 0h16v16H0z"
              fill="none"
            />
          </svg>
        </button>
      </div>
      <span
        aria-hidden="true"
        class="cds--popover"
        id="tooltip-«r1»"
        role="tooltip"
      >
        <span
          class="cds--popover-content cds--tooltip-content"
        >
          Add
        </span>
        <span
          class="cds--popover-caret"
        />
      </span>
    </span>
  </span>
</div>
`;
